// Jest Snapshot v1, https://goo.gl/fbAQLP

exports[`should render the country description component 1`] = `
<div
  className="mb-3"
>
  <div
    className="row g-0"
  >
    <div
      className="col-md-8"
    >
      <div
        className="card-body text-left"
      >
        <p
          className="country-wrap font-22"
        >
          <span>
            Country Name: 
          </span>
          <span
            className="country-code green-800 font-22"
          >
            AFGHANISTAN
          </span>
        </p>
        <p
          className="card-text"
        >
          <span>
            Country Code: 
          </span>
          <span
            className="card-title"
          >
            AF
          </span>
        </p>
        <p
          className="mute-p"
        >
          <span
            className="text-muted"
          >
            Afghanistan
             
            has a population of
            35530081
            . It has so far recorded
             
            6357
             
            deaths.
            143439
             
            cases have been confirmed and
            82586
             
            people have recovered from the virus.
          </span>
        </p>
      </div>
    </div>
    <div
      className="col-md-4 text-center"
    >
      <h4
        className="card-hed font-italic"
      >
        Asia
      </h4>
      <hr />
      <div
        className="card-body"
      >
        <div
          className="icon-div py-3"
        >
          <div
            className="icon-span "
          >
            <div
              className=""
            >
              <p
                className="font-10 text-success"
              >
                Last Updated
              </p>
              <p
                className="increase"
              >
                <i
                  className="fas fa-pen-square font-22 text-success"
                />
              </p>
              <p
                className="font-12 text-success"
              >
                2021/07/24 00:21:36+00
              </p>
            </div>
          </div>
        </div>
      </div>
    </div>
  </div>
</div>
`;
